2026-05-18 01:05:43,975  [INFO    ]  __main__ — ============================================================
2026-05-18 01:05:43,975  [INFO    ]  __main__ —   PCA Face Recognition System  —  Eigenfaces Method
2026-05-18 01:05:43,975  [INFO    ]  __main__ —   Session started: 2026-05-18 01:05:43
2026-05-18 01:05:43,975  [INFO    ]  __main__ — ============================================================
2026-05-18 01:05:43,975  [INFO    ]  __main__ — Initialising RecognitionEngine …
2026-05-18 01:05:43,975  [WARNING ]  pca_model — Saved model not found in 'pca_model'.
2026-05-18 01:05:43,975  [INFO    ]  __main__ — Engine ready.  Model loaded: False
2026-05-18 01:05:46,742  [INFO    ]  __main__ — GUI launched.
2026-05-18 01:06:05,489  [INFO    ]  dataset_loader — Found 400 images across 40 persons
2026-05-18 01:06:06,803  [INFO    ]  dataset_loader — Loaded 400 images successfully
2026-05-18 01:06:06,803  [INFO    ]  pca_model — [  5%] Building image matrix  (400 images) …
2026-05-18 01:06:06,850  [INFO    ]  pca_model — [ 15%] Computing average face …
2026-05-18 01:06:06,850  [INFO    ]  pca_model — [ 25%] Subtracting mean face …
2026-05-18 01:06:06,881  [INFO    ]  pca_model — [ 40%] Computing covariance matrix (M×M trick) …
2026-05-18 01:06:07,008  [INFO    ]  pca_model — [ 55%] Computing eigenvalues and eigenvectors …
2026-05-18 01:06:07,102  [INFO    ]  pca_model — [ 70%] Extracting top 40 eigenfaces …
2026-05-18 01:06:07,242  [INFO    ]  pca_model — [ 85%] Projecting training images onto eigenface space …
2026-05-18 01:06:07,282  [INFO    ]  pca_model — [ 95%] Evaluating training accuracy …
2026-05-18 01:06:07,329  [INFO    ]  pca_model — [100%] Training complete in 0.48s  | Accuracy: 98.2%
2026-05-18 01:06:07,377  [INFO    ]  pca_model — Model saved to 'pca_model/'
2026-05-18 01:06:21,961  [INFO    ]  pca_model — Model saved to 'pca_model/'
2026-05-18 01:07:12,539  [INFO    ]  dataset_loader — Found 400 images across 40 persons
2026-05-18 01:07:12,867  [INFO    ]  dataset_loader — Loaded 400 images successfully
2026-05-18 01:07:12,867  [INFO    ]  pca_model — [  5%] Building image matrix  (400 images) …
2026-05-18 01:07:12,891  [INFO    ]  pca_model — [ 15%] Computing average face …
2026-05-18 01:07:12,891  [INFO    ]  pca_model — [ 25%] Subtracting mean face …
2026-05-18 01:07:12,907  [INFO    ]  pca_model — [ 40%] Computing covariance matrix (M×M trick) …
2026-05-18 01:07:12,969  [INFO    ]  pca_model — [ 55%] Computing eigenvalues and eigenvectors …
2026-05-18 01:07:13,027  [INFO    ]  pca_model — [ 70%] Extracting top 40 eigenfaces …
2026-05-18 01:07:13,145  [INFO    ]  pca_model — [ 85%] Projecting training images onto eigenface space …
2026-05-18 01:07:13,162  [INFO    ]  pca_model — [ 95%] Evaluating training accuracy …
2026-05-18 01:07:13,179  [INFO    ]  pca_model — [100%] Training complete in 0.30s  | Accuracy: 98.2%
2026-05-18 01:07:13,195  [INFO    ]  pca_model — Model saved to 'pca_model/'
