2026-05-21 03:25:56,494  [INFO    ]  __main__ — ============================================================
2026-05-21 03:25:56,499  [INFO    ]  __main__ —   PCA Face Recognition System  —  Eigenfaces Method
2026-05-21 03:25:56,504  [INFO    ]  __main__ —   Session started: 2026-05-21 03:25:56
2026-05-21 03:25:56,505  [INFO    ]  __main__ — ============================================================
2026-05-21 03:25:56,505  [INFO    ]  __main__ — Initialising RecognitionEngine …
2026-05-21 03:25:56,586  [INFO    ]  pca_model — Model loaded — 40 eigenfaces, 200 training samples
2026-05-21 03:25:56,586  [INFO    ]  __main__ — Engine ready.  Model loaded: True
2026-05-21 03:26:04,369  [INFO    ]  __main__ — GUI launched.
2026-05-21 03:26:15,918  [INFO    ]  dataset_loader — Subject filter active — skipping 20 folder(s): s21, s22, s23, s24, s25, s26, s27, s28, s29, s30 …
2026-05-21 03:26:15,952  [INFO    ]  dataset_loader — Found 200 images across 20 persons (filter: [1, 2, 3, 4, 5, 6, 7, 8, 9, 10, 11, 12, 13, 14, 15, 16, 17, 18, 19, 20])
2026-05-21 03:26:16,710  [INFO    ]  dataset_loader — Loaded 200 images successfully
2026-05-21 03:26:16,895  [INFO    ]  pca_model — [  5%] Building image matrix  (200 images) …
2026-05-21 03:26:17,306  [INFO    ]  pca_model — [ 15%] Computing average face …
2026-05-21 03:26:17,338  [INFO    ]  pca_model — [ 25%] Subtracting mean face …
2026-05-21 03:26:17,378  [INFO    ]  pca_model — [ 40%] Computing covariance matrix (M×M trick) …
2026-05-21 03:26:17,425  [INFO    ]  pca_model — [ 55%] Computing eigenvalues and eigenvectors …
2026-05-21 03:26:17,474  [INFO    ]  pca_model — [ 70%] Extracting top 40 eigenfaces …
2026-05-21 03:26:17,632  [INFO    ]  pca_model — [ 85%] Projecting training images onto eigenface space …
2026-05-21 03:26:17,651  [INFO    ]  pca_model — [ 95%] Evaluating training accuracy …
2026-05-21 03:26:17,765  [INFO    ]  pca_model — [100%] Training complete in 0.76s  | Accuracy: 98.5%
2026-05-21 03:26:17,815  [INFO    ]  pca_model — Model saved to 'pca_model/'
2026-05-21 03:26:17,824  [INFO    ]  recognition — Training complete — 20 subjects (S1–S20), 200 images.
2026-05-21 03:32:33,107  [INFO    ]  __main__ — Application closed (exit code 0).
