2026-05-21 02:24:38,647  [INFO    ]  __main__ — ============================================================
2026-05-21 02:24:38,649  [INFO    ]  __main__ —   PCA Face Recognition System  —  Eigenfaces Method
2026-05-21 02:24:38,650  [INFO    ]  __main__ —   Session started: 2026-05-21 02:24:38
2026-05-21 02:24:38,650  [INFO    ]  __main__ — ============================================================
2026-05-21 02:24:38,651  [INFO    ]  __main__ — Initialising RecognitionEngine …
2026-05-21 02:24:38,700  [INFO    ]  pca_model — Model loaded — 40 eigenfaces, 400 training samples
2026-05-21 02:24:38,720  [INFO    ]  __main__ — Engine ready.  Model loaded: True
2026-05-21 02:24:43,180  [INFO    ]  __main__ — GUI launched.
2026-05-21 02:24:55,977  [INFO    ]  dataset_loader — Subject filter active — skipping 20 folder(s): s21, s22, s23, s24, s25, s26, s27, s28, s29, s30 …
2026-05-21 02:24:55,985  [INFO    ]  dataset_loader — Found 200 images across 20 persons (filter: [1, 2, 3, 4, 5, 6, 7, 8, 9, 10, 11, 12, 13, 14, 15, 16, 17, 18, 19, 20])
2026-05-21 02:24:56,513  [INFO    ]  dataset_loader — Loaded 200 images successfully
2026-05-21 02:24:56,519  [INFO    ]  pca_model — [  5%] Building image matrix  (200 images) …
2026-05-21 02:24:56,530  [INFO    ]  pca_model — [ 15%] Computing average face …
2026-05-21 02:24:56,534  [INFO    ]  pca_model — [ 25%] Subtracting mean face …
2026-05-21 02:24:56,545  [INFO    ]  pca_model — [ 40%] Computing covariance matrix (M×M trick) …
2026-05-21 02:24:56,578  [INFO    ]  pca_model — [ 55%] Computing eigenvalues and eigenvectors …
2026-05-21 02:24:56,637  [INFO    ]  pca_model — [ 70%] Extracting top 40 eigenfaces …
2026-05-21 02:24:56,760  [INFO    ]  pca_model — [ 85%] Projecting training images onto eigenface space …
2026-05-21 02:24:56,769  [INFO    ]  pca_model — [ 95%] Evaluating training accuracy …
2026-05-21 02:24:56,794  [INFO    ]  pca_model — [100%] Training complete in 0.25s  | Accuracy: 98.5%
2026-05-21 02:24:56,820  [INFO    ]  pca_model — Model saved to 'pca_model/'
2026-05-21 02:24:56,827  [INFO    ]  recognition — Training complete — 20 subjects (S1–S20), 200 images.
2026-05-21 02:26:35,390  [INFO    ]  dataset_loader — Subject filter active — skipping 20 folder(s): s21, s22, s23, s24, s25, s26, s27, s28, s29, s30 …
2026-05-21 02:26:35,399  [INFO    ]  dataset_loader — Found 200 images across 20 persons (filter: [1, 2, 3, 4, 5, 6, 7, 8, 9, 10, 11, 12, 13, 14, 15, 16, 17, 18, 19, 20])
2026-05-21 02:26:35,630  [INFO    ]  dataset_loader — Loaded 200 images successfully
2026-05-21 02:26:35,631  [INFO    ]  pca_model — [  5%] Building image matrix  (200 images) …
2026-05-21 02:26:35,641  [INFO    ]  pca_model — [ 15%] Computing average face …
2026-05-21 02:26:35,647  [INFO    ]  pca_model — [ 25%] Subtracting mean face …
2026-05-21 02:26:35,660  [INFO    ]  pca_model — [ 40%] Computing covariance matrix (M×M trick) …
2026-05-21 02:26:35,701  [INFO    ]  pca_model — [ 55%] Computing eigenvalues and eigenvectors …
2026-05-21 02:26:35,727  [INFO    ]  pca_model — [ 70%] Extracting top 40 eigenfaces …
2026-05-21 02:26:35,845  [INFO    ]  pca_model — [ 85%] Projecting training images onto eigenface space …
2026-05-21 02:26:35,872  [INFO    ]  pca_model — [ 95%] Evaluating training accuracy …
2026-05-21 02:26:35,915  [INFO    ]  pca_model — [100%] Training complete in 0.24s  | Accuracy: 98.5%
2026-05-21 02:26:35,936  [INFO    ]  pca_model — Model saved to 'pca_model/'
2026-05-21 02:26:35,940  [INFO    ]  recognition — Training complete — 20 subjects (S1–S20), 200 images.
