2026-05-21 02:46:14,732  [INFO    ]  __main__ — ============================================================
2026-05-21 02:46:14,734  [INFO    ]  __main__ —   PCA Face Recognition System  —  Eigenfaces Method
2026-05-21 02:46:14,737  [INFO    ]  __main__ —   Session started: 2026-05-21 02:46:14
2026-05-21 02:46:14,741  [INFO    ]  __main__ — ============================================================
2026-05-21 02:46:14,746  [INFO    ]  __main__ — Initialising RecognitionEngine …
2026-05-21 02:46:14,815  [INFO    ]  pca_model — Model loaded — 40 eigenfaces, 200 training samples
2026-05-21 02:46:14,819  [INFO    ]  __main__ — Engine ready.  Model loaded: True
2026-05-21 02:46:22,881  [INFO    ]  __main__ — GUI launched.
2026-05-21 02:46:47,044  [INFO    ]  dataset_loader — Subject filter active — skipping 20 folder(s): s21, s22, s23, s24, s25, s26, s27, s28, s29, s30 …
2026-05-21 02:46:47,065  [INFO    ]  dataset_loader — Found 200 images across 20 persons (filter: [1, 2, 3, 4, 5, 6, 7, 8, 9, 10, 11, 12, 13, 14, 15, 16, 17, 18, 19, 20])
2026-05-21 02:46:48,967  [INFO    ]  dataset_loader — Loaded 200 images successfully
2026-05-21 02:46:48,972  [INFO    ]  pca_model — [  5%] Building image matrix  (200 images) …
2026-05-21 02:46:49,007  [INFO    ]  pca_model — [ 15%] Computing average face …
2026-05-21 02:46:49,017  [INFO    ]  pca_model — [ 25%] Subtracting mean face …
2026-05-21 02:46:49,041  [INFO    ]  pca_model — [ 40%] Computing covariance matrix (M×M trick) …
2026-05-21 02:46:49,107  [INFO    ]  pca_model — [ 55%] Computing eigenvalues and eigenvectors …
2026-05-21 02:46:49,172  [INFO    ]  pca_model — [ 70%] Extracting top 40 eigenfaces …
2026-05-21 02:46:49,421  [INFO    ]  pca_model — [ 85%] Projecting training images onto eigenface space …
2026-05-21 02:46:49,570  [INFO    ]  pca_model — [ 95%] Evaluating training accuracy …
2026-05-21 02:46:49,656  [INFO    ]  pca_model — [100%] Training complete in 0.60s  | Accuracy: 98.5%
2026-05-21 02:46:49,719  [INFO    ]  pca_model — Model saved to 'pca_model/'
2026-05-21 02:46:49,819  [INFO    ]  recognition — Training complete — 20 subjects (S1–S20), 200 images.
