2026-05-18 12:52:58,139  [INFO    ]  __main__ — ============================================================
2026-05-18 12:52:58,140  [INFO    ]  __main__ —   PCA Face Recognition System  —  Eigenfaces Method
2026-05-18 12:52:58,141  [INFO    ]  __main__ —   Session started: 2026-05-18 12:52:58
2026-05-18 12:52:58,142  [INFO    ]  __main__ — ============================================================
2026-05-18 12:52:58,142  [INFO    ]  __main__ — Initialising RecognitionEngine …
2026-05-18 12:52:58,178  [INFO    ]  pca_model — Model loaded — 40 eigenfaces, 400 training samples
2026-05-18 12:52:58,179  [INFO    ]  __main__ — Engine ready.  Model loaded: True
2026-05-18 12:53:32,568  [INFO    ]  __main__ — GUI launched.
2026-05-18 12:55:22,170  [INFO    ]  dataset_loader — Found 400 images across 40 persons
2026-05-18 12:55:23,389  [INFO    ]  dataset_loader — Loaded 400 images successfully
2026-05-18 12:55:23,389  [INFO    ]  pca_model — [  5%] Building image matrix (400 images) …
2026-05-18 12:55:23,409  [INFO    ]  pca_model — [ 15%] Computing average face …
2026-05-18 12:55:23,416  [INFO    ]  pca_model — [ 25%] Subtracting mean face …
2026-05-18 12:55:23,437  [INFO    ]  pca_model — [ 40%] Computing covariance matrix (M×M trick) …
2026-05-18 12:55:23,498  [INFO    ]  pca_model — [ 55%] Computing eigenvalues and eigenvectors …
2026-05-18 12:55:23,574  [INFO    ]  pca_model — [ 70%] Extracting top 40 eigenfaces …
2026-05-18 12:55:23,738  [INFO    ]  pca_model — [ 85%] Projecting training images onto eigenface space …
2026-05-18 12:55:23,756  [INFO    ]  pca_model — [ 95%] Evaluating training accuracy …
2026-05-18 12:55:23,836  [INFO    ]  pca_model — [100%] Training complete in 0.37s | Accuracy: 98.2%
2026-05-18 12:55:23,867  [INFO    ]  pca_model — Model saved to 'pca_model/'
2026-05-18 13:03:19,385  [INFO    ]  dataset_loader — Found 400 images across 40 persons
2026-05-18 13:03:19,737  [INFO    ]  dataset_loader — Loaded 400 images successfully
2026-05-18 13:03:19,738  [INFO    ]  pca_model — [  5%] Building image matrix (400 images) …
2026-05-18 13:03:19,751  [INFO    ]  pca_model — [ 15%] Computing average face …
2026-05-18 13:03:19,756  [INFO    ]  pca_model — [ 25%] Subtracting mean face …
2026-05-18 13:03:19,771  [INFO    ]  pca_model — [ 40%] Computing covariance matrix (M×M trick) …
2026-05-18 13:03:19,822  [INFO    ]  pca_model — [ 55%] Computing eigenvalues and eigenvectors …
2026-05-18 13:03:19,870  [INFO    ]  pca_model — [ 70%] Extracting top 40 eigenfaces …
2026-05-18 13:03:20,011  [INFO    ]  pca_model — [ 85%] Projecting training images onto eigenface space …
2026-05-18 13:03:20,074  [INFO    ]  pca_model — [ 95%] Evaluating training accuracy …
2026-05-18 13:03:20,102  [INFO    ]  pca_model — [100%] Training complete in 0.34s | Accuracy: 98.2%
2026-05-18 13:03:20,120  [INFO    ]  pca_model — Model saved to 'pca_model/'
