2026-05-21 02:39:25,237  [INFO    ]  __main__ — ============================================================
2026-05-21 02:39:25,238  [INFO    ]  __main__ —   PCA Face Recognition System  —  Eigenfaces Method
2026-05-21 02:39:25,238  [INFO    ]  __main__ —   Session started: 2026-05-21 02:39:25
2026-05-21 02:39:25,239  [INFO    ]  __main__ — ============================================================
2026-05-21 02:39:25,239  [INFO    ]  __main__ — Initialising RecognitionEngine …
2026-05-21 02:39:25,261  [INFO    ]  pca_model — Model loaded — 40 eigenfaces, 200 training samples
2026-05-21 02:39:25,262  [INFO    ]  __main__ — Engine ready.  Model loaded: True
2026-05-21 02:39:27,380  [INFO    ]  __main__ — GUI launched.
2026-05-21 02:39:32,930  [INFO    ]  dataset_loader — Subject filter active — skipping 20 folder(s): s21, s22, s23, s24, s25, s26, s27, s28, s29, s30 …
2026-05-21 02:39:32,949  [INFO    ]  dataset_loader — Found 200 images across 20 persons (filter: [1, 2, 3, 4, 5, 6, 7, 8, 9, 10, 11, 12, 13, 14, 15, 16, 17, 18, 19, 20])
2026-05-21 02:39:33,478  [INFO    ]  dataset_loader — Loaded 200 images successfully
2026-05-21 02:39:33,661  [INFO    ]  pca_model — [  5%] Building image matrix  (200 images) …
2026-05-21 02:39:33,678  [INFO    ]  pca_model — [ 15%] Computing average face …
2026-05-21 02:39:33,682  [INFO    ]  pca_model — [ 25%] Subtracting mean face …
2026-05-21 02:39:33,693  [INFO    ]  pca_model — [ 40%] Computing covariance matrix (M×M trick) …
2026-05-21 02:39:33,713  [INFO    ]  pca_model — [ 55%] Computing eigenvalues and eigenvectors …
2026-05-21 02:39:33,729  [INFO    ]  pca_model — [ 70%] Extracting top 40 eigenfaces …
2026-05-21 02:39:33,806  [INFO    ]  pca_model — [ 85%] Projecting training images onto eigenface space …
2026-05-21 02:39:33,815  [INFO    ]  pca_model — [ 95%] Evaluating training accuracy …
2026-05-21 02:39:33,838  [INFO    ]  pca_model — [100%] Training complete in 0.15s  | Accuracy: 98.5%
2026-05-21 02:39:33,859  [INFO    ]  pca_model — Model saved to 'pca_model/'
2026-05-21 02:39:33,859  [INFO    ]  recognition — Training complete — 20 subjects (S1–S20), 200 images.
