2026-05-18 02:01:22,986  [INFO    ]  __main__ — ============================================================
2026-05-18 02:01:22,987  [INFO    ]  __main__ —   PCA Face Recognition System  —  Eigenfaces Method
2026-05-18 02:01:22,988  [INFO    ]  __main__ —   Session started: 2026-05-18 02:01:22
2026-05-18 02:01:22,988  [INFO    ]  __main__ — ============================================================
2026-05-18 02:01:23,034  [INFO    ]  __main__ — Initialising RecognitionEngine …
2026-05-18 02:01:23,400  [WARNING ]  pca_model — Saved model not found in 'pca_model'.
2026-05-18 02:01:23,420  [INFO    ]  __main__ — Engine ready.  Model loaded: False
2026-05-18 02:01:59,055  [INFO    ]  __main__ — GUI launched.
2026-05-18 02:04:41,893  [INFO    ]  dataset_loader — Found 400 images across 40 persons
2026-05-18 02:04:42,587  [INFO    ]  dataset_loader — Loaded 400 images successfully
2026-05-18 02:04:42,588  [INFO    ]  pca_model — [  5%] Building image matrix (400 images) …
2026-05-18 02:04:42,601  [INFO    ]  pca_model — [ 15%] Computing average face …
2026-05-18 02:04:42,606  [INFO    ]  pca_model — [ 25%] Subtracting mean face …
2026-05-18 02:04:42,620  [INFO    ]  pca_model — [ 40%] Computing covariance matrix (M×M trick) …
2026-05-18 02:04:42,671  [INFO    ]  pca_model — [ 55%] Computing eigenvalues and eigenvectors …
2026-05-18 02:04:42,727  [INFO    ]  pca_model — [ 70%] Extracting top 40 eigenfaces …
2026-05-18 02:04:42,859  [INFO    ]  pca_model — [ 85%] Projecting training images onto eigenface space …
2026-05-18 02:04:42,898  [INFO    ]  pca_model — [ 95%] Evaluating training accuracy …
2026-05-18 02:04:42,947  [INFO    ]  pca_model — [100%] Training complete in 0.31s | Accuracy: 98.2%
2026-05-18 02:04:42,965  [INFO    ]  pca_model — Model saved to 'pca_model/'
2026-05-18 02:08:31,302  [INFO    ]  __main__ — Application closed (exit code 0).
