2026-05-21 03:22:00,027  [INFO    ]  __main__ — ============================================================
2026-05-21 03:22:00,038  [INFO    ]  __main__ —   PCA Face Recognition System  —  Eigenfaces Method
2026-05-21 03:22:00,044  [INFO    ]  __main__ —   Session started: 2026-05-21 03:22:00
2026-05-21 03:22:00,045  [INFO    ]  __main__ — ============================================================
2026-05-21 03:22:00,046  [INFO    ]  __main__ — Initialising RecognitionEngine …
2026-05-21 03:22:00,177  [INFO    ]  pca_model — Model loaded — 40 eigenfaces, 200 training samples
2026-05-21 03:22:00,184  [INFO    ]  __main__ — Engine ready.  Model loaded: True
2026-05-21 03:22:14,547  [INFO    ]  __main__ — GUI launched.
2026-05-21 03:22:33,389  [INFO    ]  dataset_loader — Subject filter active — skipping 20 folder(s): s21, s22, s23, s24, s25, s26, s27, s28, s29, s30 …
2026-05-21 03:22:33,478  [INFO    ]  dataset_loader — Found 200 images across 20 persons (filter: [1, 2, 3, 4, 5, 6, 7, 8, 9, 10, 11, 12, 13, 14, 15, 16, 17, 18, 19, 20])
2026-05-21 03:22:36,242  [INFO    ]  dataset_loader — Loaded 200 images successfully
2026-05-21 03:22:36,308  [INFO    ]  pca_model — [  5%] Building image matrix  (200 images) …
2026-05-21 03:22:36,355  [INFO    ]  pca_model — [ 15%] Computing average face …
2026-05-21 03:22:36,445  [INFO    ]  pca_model — [ 25%] Subtracting mean face …
2026-05-21 03:22:36,475  [INFO    ]  pca_model — [ 40%] Computing covariance matrix (M×M trick) …
2026-05-21 03:22:36,684  [INFO    ]  pca_model — [ 55%] Computing eigenvalues and eigenvectors …
2026-05-21 03:22:37,054  [INFO    ]  pca_model — [ 70%] Extracting top 40 eigenfaces …
2026-05-21 03:22:37,299  [INFO    ]  pca_model — [ 85%] Projecting training images onto eigenface space …
2026-05-21 03:22:37,365  [INFO    ]  pca_model — [ 95%] Evaluating training accuracy …
2026-05-21 03:22:37,416  [INFO    ]  pca_model — [100%] Training complete in 1.06s  | Accuracy: 98.5%
2026-05-21 03:22:37,651  [INFO    ]  pca_model — Model saved to 'pca_model/'
2026-05-21 03:22:37,810  [INFO    ]  recognition — Training complete — 20 subjects (S1–S20), 200 images.
2026-05-21 03:24:52,591  [INFO    ]  __main__ — Application closed (exit code 0).
